\BOOKMARK [0][-]{Doc-Start}{\376\377\000R\000e\000s\000u\000m\000o}{}% 1
\BOOKMARK [0][-]{Doc-Start}{\376\377\000A\000b\000s\000t\000r\000a\000c\000t}{}% 2
\BOOKMARK [0][-]{Doc-Start}{\376\377\000A\000g\000r\000a\000d\000e\000c\000i\000m\000e\000n\000t\000o\000s}{}% 3
\BOOKMARK [0][-]{chapter*.2}{\376\377\000L\000i\000s\000t\000a\000\040\000d\000e\000\040\000F\000i\000g\000u\000r\000a\000s}{}% 4
\BOOKMARK [0][-]{chapter.1}{\376\377\000I\000n\000t\000r\000o\000d\000u\000\347\000\343\000o}{}% 5
\BOOKMARK [1][-]{section.1.1}{\376\377\000M\000o\000t\000i\000v\000a\000\347\000\343\000o\000\040\000e\000\040\000J\000u\000s\000t\000i\000f\000i\000c\000a\000t\000i\000v\000a}{chapter.1}% 6
\BOOKMARK [1][-]{section.1.2}{\376\377\000O\000b\000j\000e\000t\000i\000v\000o\000s\000\040\000d\000o\000\040\000P\000r\000o\000j\000e\000t\000o}{chapter.1}% 7
\BOOKMARK [1][-]{section.1.3}{\376\377\000L\000o\000c\000a\000l\000\040\000d\000e\000\040\000R\000e\000a\000l\000i\000z\000a\000\347\000\343\000o}{chapter.1}% 8
\BOOKMARK [1][-]{section.1.4}{\376\377\000E\000s\000t\000r\000u\000t\000u\000r\000a\000\040\000d\000a\000\040\000M\000o\000n\000o\000g\000r\000a\000f\000i\000a}{chapter.1}% 9
\BOOKMARK [0][-]{chapter.2}{\376\377\000F\000u\000n\000d\000a\000m\000e\000n\000t\000o\000s\000\040\000d\000a\000\040\000A\000u\000t\000o\000m\000a\000\347\000\343\000o\000\040\000R\000e\000s\000i\000d\000e\000n\000c\000i\000a\000l}{}% 10
\BOOKMARK [1][-]{section.2.1}{\376\377\000A\000r\000q\000u\000i\000t\000e\000t\000u\000r\000a\000\040\000d\000e\000\040\000u\000m\000\040\000S\000i\000s\000t\000e\000m\000a\000\040\000d\000e\000\040\000A\000u\000t\000o\000m\000a\000\347\000\343\000o\000\040\000R\000e\000s\000i\000d\000e\000n\000c\000i\000a\000l}{chapter.2}% 11
\BOOKMARK [2][-]{subsection.2.1.1}{\376\377\000S\000e\000n\000s\000o\000r\000e\000s}{section.2.1}% 12
\BOOKMARK [2][-]{subsection.2.1.2}{\376\377\000A\000t\000u\000a\000d\000o\000r\000e\000s}{section.2.1}% 13
\BOOKMARK [2][-]{subsection.2.1.3}{\376\377\000C\000o\000n\000t\000r\000o\000l\000a\000d\000o\000r\000e\000s}{section.2.1}% 14
\BOOKMARK [2][-]{subsection.2.1.4}{\376\377\000T\000e\000c\000n\000o\000l\000o\000g\000i\000a\000s\000\040\000d\000e\000\040\000C\000o\000m\000u\000n\000i\000c\000a\000\347\000\343\000o}{section.2.1}% 15
\BOOKMARK [2][-]{subsection.2.1.5}{\376\377\000I\000n\000t\000e\000r\000f\000a\000c\000e\000\040\000d\000e\000\040\000U\000s\000u\000\341\000r\000i\000o}{section.2.1}% 16
\BOOKMARK [2][-]{subsection.2.1.6}{\376\377\000S\000e\000r\000v\000i\000\347\000o\000s\000\040\000e\000m\000\040\000N\000u\000v\000e\000m\000\040\000e\000\040\000A\000n\000\341\000l\000i\000s\000e\000\040\000d\000e\000\040\000D\000a\000d\000o\000s}{section.2.1}% 17
\BOOKMARK [2][-]{subsection.2.1.7}{\376\377\000S\000e\000g\000u\000r\000a\000n\000\347\000a\000\040\000e\000\040\000P\000r\000i\000v\000a\000c\000i\000d\000a\000d\000e}{section.2.1}% 18
\BOOKMARK [2][-]{subsection.2.1.8}{\376\377\000I\000n\000t\000e\000g\000r\000a\000\347\000\343\000o\000\040\000c\000o\000m\000\040\000O\000u\000t\000r\000o\000s\000\040\000S\000i\000s\000t\000e\000m\000a\000s}{section.2.1}% 19
\BOOKMARK [2][-]{subsection.2.1.9}{\376\377\000E\000s\000c\000a\000l\000a\000b\000i\000l\000i\000d\000a\000d\000e\000\040\000e\000\040\000F\000l\000e\000x\000i\000b\000i\000l\000i\000d\000a\000d\000e}{section.2.1}% 20
\BOOKMARK [2][-]{subsection.2.1.10}{\376\377\000I\000n\000s\000t\000r\000u\000m\000e\000n\000t\000a\000\347\000\343\000o\000\040\000d\000o\000\040\000P\000r\000o\000c\000e\000s\000s\000o}{section.2.1}% 21
\BOOKMARK [1][-]{section.2.2}{\376\377\000M\000o\000n\000i\000t\000o\000r\000a\000m\000e\000n\000t\000o\000\040\000E\000n\000e\000r\000g\000\351\000t\000i\000c\000o}{chapter.2}% 22
\BOOKMARK [2][-]{subsection.2.2.1}{\376\377\000C\000o\000l\000e\000t\000a\000\040\000e\000\040\000O\000r\000g\000a\000n\000i\000z\000a\000\347\000\343\000o\000\040\000d\000o\000s\000\040\000D\000a\000d\000o\000s}{section.2.2}% 23
\BOOKMARK [2][-]{subsection.2.2.2}{\376\377\000P\000r\000\351\000-\000P\000r\000o\000c\000e\000s\000s\000a\000m\000e\000n\000t\000o\000,\000\040\000Q\000u\000a\000l\000i\000d\000a\000d\000e\000\040\000d\000o\000s\000\040\000D\000a\000d\000o\000s\000\040\000e\000\040\000C\000E\000P}{section.2.2}% 24
\BOOKMARK [2][-]{subsection.2.2.3}{\376\377\000A\000n\000\341\000l\000i\000s\000e\000\040\000E\000s\000t\000a\000t\000\355\000s\000t\000i\000c\000a\000\040\000e\000\040\000I\000n\000t\000e\000l\000i\000g\000\352\000n\000c\000i\000a\000\040\000A\000r\000t\000i\000f\000i\000c\000i\000a\000l}{section.2.2}% 25
\BOOKMARK [2][-]{subsection.2.2.4}{\376\377\000P\000r\000i\000v\000a\000c\000i\000d\000a\000d\000e\000,\000\040\000L\000G\000P\000D\000\040\000e\000\040\000P\000r\000o\000t\000e\000\347\000\343\000o\000\040\000d\000o\000s\000\040\000D\000a\000d\000o\000s\000\040\000E\000n\000e\000r\000g\000\351\000t\000i\000c\000o\000s}{section.2.2}% 26
\BOOKMARK [2][-]{subsection.2.2.5}{\376\377\000I\000n\000t\000e\000g\000r\000a\000\347\000\343\000o\000\040\000c\000o\000m\000\040\000O\000u\000t\000r\000o\000s\000\040\000S\000i\000s\000t\000e\000m\000a\000s\000\040\000e\000\040\000E\000v\000o\000l\000u\000\347\000\343\000o\000\040\000C\000o\000n\000t\000\355\000n\000u\000a}{section.2.2}% 27
\BOOKMARK [2][-]{subsection.2.2.6}{\376\377\000B\000e\000n\000e\000f\000\355\000c\000i\000o\000s\000\040\000P\000r\000\341\000t\000i\000c\000o\000s\000\040\000e\000\040\000R\000e\000s\000p\000o\000n\000s\000a\000b\000i\000l\000i\000d\000a\000d\000e\000\040\000S\000o\000c\000i\000a\000l}{section.2.2}% 28
\BOOKMARK [1][-]{section.2.3}{\376\377\000M\000o\000d\000e\000l\000o\000s\000\040\000d\000e\000\040\000A\000r\000q\000u\000i\000t\000e\000t\000u\000r\000a\000\040\000p\000a\000r\000a\000\040\000A\000u\000t\000o\000m\000a\000\347\000\343\000o}{chapter.2}% 29
\BOOKMARK [2][-]{subsection.2.3.1}{\376\377\000V\000i\000s\000\343\000o\000\040\000G\000e\000r\000a\000l\000\040\000d\000e\000\040\000u\000m\000\040\000S\000i\000s\000t\000e\000m\000a\000\040\000T\000\355\000p\000i\000c\000o}{section.2.3}% 30
\BOOKMARK [2][-]{subsection.2.3.2}{\376\377\000C\000a\000m\000a\000d\000a\000\040\000d\000e\000\040\000A\000q\000u\000i\000s\000i\000\347\000\343\000o\000\040\000d\000e\000\040\000D\000a\000d\000o\000s}{section.2.3}% 31
\BOOKMARK [2][-]{subsection.2.3.3}{\376\377\000C\000a\000m\000a\000d\000a\000\040\000d\000e\000\040\000P\000r\000o\000c\000e\000s\000s\000a\000m\000e\000n\000t\000o\000\040\000e\000\040\000G\000e\000r\000e\000n\000c\000i\000a\000m\000e\000n\000t\000o\000\040\000d\000e\000\040\000D\000a\000d\000o\000s}{section.2.3}% 32
\BOOKMARK [2][-]{subsection.2.3.4}{\376\377\000C\000a\000m\000a\000d\000a\000\040\000d\000e\000\040\000A\000p\000r\000e\000s\000e\000n\000t\000a\000\347\000\343\000o\000\040\000e\000\040\000I\000n\000t\000e\000r\000a\000\347\000\343\000o\000\040\000c\000o\000m\000\040\000o\000\040\000U\000s\000u\000\341\000r\000i\000o}{section.2.3}% 33
\BOOKMARK [2][-]{subsection.2.3.5}{\376\377\000L\000\363\000g\000i\000c\000a\000\040\000d\000e\000\040\000A\000u\000t\000o\000m\000a\000\347\000\343\000o\000\040\000e\000\040\000A\000g\000e\000n\000d\000a\000m\000e\000n\000t\000o\000\040\000d\000e\000\040\000R\000o\000t\000i\000n\000a\000s}{section.2.3}% 34
\BOOKMARK [0][-]{chapter.3}{\376\377\000M\000e\000t\000o\000d\000o\000l\000o\000g\000i\000a}{}% 35
\BOOKMARK [1][-]{section.3.1}{\376\377\000P\000e\000s\000q\000u\000i\000s\000a\000\040\000e\000\040\000A\000n\000\341\000l\000i\000s\000e\000\040\000d\000e\000\040\000T\000e\000c\000n\000o\000l\000o\000g\000i\000a\000s\000\040\000E\000x\000i\000s\000t\000e\000n\000t\000e\000s}{chapter.3}% 36
\BOOKMARK [2][-]{subsection.3.1.1}{\376\377\000S\000e\000l\000e\000\347\000\343\000o\000\040\000d\000e\000\040\000F\000e\000r\000r\000a\000m\000e\000n\000t\000a\000s\000\040\000d\000e\000\040\000S\000o\000f\000t\000w\000a\000r\000e\000\040\000e\000\040\000P\000l\000a\000t\000a\000f\000o\000r\000m\000a\000s\000\040\000d\000e\000\040\000D\000e\000s\000e\000n\000v\000o\000l\000v\000i\000m\000e\000n\000t\000o}{section.3.1}% 37
\BOOKMARK [1][-]{section.3.2}{\376\377\000D\000e\000s\000e\000n\000v\000o\000l\000v\000i\000m\000e\000n\000t\000o\000\040\000d\000o\000\040\000P\000r\000o\000t\000\363\000t\000i\000p\000o}{chapter.3}% 38
\BOOKMARK [2][-]{subsection.3.2.1}{\376\377\000S\000e\000l\000e\000\347\000\343\000o\000\040\000e\000\040\000C\000o\000n\000f\000i\000g\000u\000r\000a\000\347\000\343\000o\000\040\000d\000e\000\040\000S\000e\000n\000s\000o\000r\000e\000s}{section.3.2}% 39
\BOOKMARK [2][-]{subsection.3.2.2}{\376\377\000A\000r\000q\000u\000i\000t\000e\000t\000u\000r\000a\000\040\000e\000\040\000D\000e\000s\000e\000n\000v\000o\000l\000v\000i\000m\000e\000n\000t\000o\000\040\000d\000o\000\040\000S\000o\000f\000t\000w\000a\000r\000e\000\040\000d\000e\000\040\000C\000o\000l\000e\000t\000a\000,\000\040\000P\000r\000o\000c\000e\000s\000s\000a\000m\000e\000n\000t\000o\000\040\000e\000\040\000C\000o\000n\000t\000r\000o\000l\000e}{section.3.2}% 40
\BOOKMARK [2][-]{subsection.3.2.3}{\376\377\000D\000e\000s\000e\000n\000v\000o\000l\000v\000i\000m\000e\000n\000t\000o\000\040\000d\000a\000\040\000I\000n\000t\000e\000r\000f\000a\000c\000e\000\040\000d\000e\000\040\000U\000s\000u\000\341\000r\000i\000o\000\040\000c\000o\000m\000\040\000S\000t\000r\000e\000a\000m\000l\000i\000t}{section.3.2}% 41
\BOOKMARK [1][-]{section.3.3}{\376\377\000A\000l\000g\000o\000r\000i\000t\000m\000o\000s\000\040\000d\000e\000\040\000P\000r\000o\000c\000e\000s\000s\000a\000m\000e\000n\000t\000o\000\040\000e\000\040\000A\000n\000\341\000l\000i\000s\000e}{chapter.3}% 42
\BOOKMARK [2][-]{subsection.3.3.1}{\376\377\000P\000r\000\351\000-\000p\000r\000o\000c\000e\000s\000s\000a\000m\000e\000n\000t\000o\000\040\000d\000o\000s\000\040\000D\000a\000d\000o\000s}{section.3.3}% 43
\BOOKMARK [2][-]{subsection.3.3.2}{\376\377\000A\000n\000\341\000l\000i\000s\000e\000\040\000E\000s\000t\000a\000t\000\355\000s\000t\000i\000c\000a\000\040\000e\000\040\000C\000o\000n\000t\000r\000o\000l\000e\000\040\000E\000s\000t\000a\000t\000\355\000s\000t\000i\000c\000o\000\040\000d\000e\000\040\000P\000r\000o\000c\000e\000s\000s\000o\000s\000\040\000\050\000C\000E\000P\000\051}{section.3.3}% 44
\BOOKMARK [1][-]{section.3.4}{\376\377\000V\000a\000l\000i\000d\000a\000\347\000\343\000o\000\040\000e\000m\000\040\000A\000m\000b\000i\000e\000n\000t\000e\000\040\000R\000e\000a\000l}{chapter.3}% 45
\BOOKMARK [1][-]{section.3.5}{\376\377\000C\000o\000n\000s\000i\000d\000e\000r\000a\000\347\000\365\000e\000s\000\040\000s\000o\000b\000r\000e\000\040\000V\000i\000a\000b\000i\000l\000i\000d\000a\000d\000e\000\040\000e\000\040\000I\000m\000p\000a\000c\000t\000o\000\040\000A\000c\000a\000d\000\352\000m\000i\000c\000o}{chapter.3}% 46
\BOOKMARK [1][-]{section.3.6}{\376\377\000T\000r\000a\000b\000a\000l\000h\000o\000s\000\040\000F\000u\000t\000u\000r\000o\000s\000\040\000e\000\040\000P\000r\000\363\000x\000i\000m\000o\000s\000\040\000P\000a\000s\000s\000o\000s}{chapter.3}% 47
\BOOKMARK [1][-]{section.3.7}{\376\377\000R\000e\000s\000u\000m\000o\000\040\000d\000o\000\040\000C\000a\000p\000\355\000t\000u\000l\000o}{chapter.3}% 48
\BOOKMARK [0][-]{chapter.4}{\376\377\000R\000e\000s\000u\000l\000t\000a\000d\000o\000s}{}% 49
\BOOKMARK [1][-]{section.4.1}{\376\377\000A\000t\000i\000v\000i\000d\000a\000d\000e\000s\000\040\000d\000o\000\040\000P\000r\000o\000j\000e\000t\000o}{chapter.4}% 50
\BOOKMARK [1][-]{section.4.2}{\376\377\000R\000e\000q\000u\000i\000s\000i\000t\000o\000s\000\040\000d\000o\000\040\000S\000i\000s\000t\000e\000m\000a}{chapter.4}% 51
\BOOKMARK [1][-]{section.4.3}{\376\377\000D\000e\000s\000e\000n\000v\000o\000l\000v\000i\000m\000e\000n\000t\000o\000\040\000e\000\040\000I\000m\000p\000l\000e\000m\000e\000n\000t\000a\000\347\000\343\000o}{chapter.4}% 52
\BOOKMARK [2][-]{subsection.4.3.1}{\376\377\000P\000i\000p\000e\000l\000i\000n\000e\000\040\000d\000e\000\040\000D\000a\000d\000o\000s\000\040\000c\000o\000m\000\040\000D\000a\000g\000s\000t\000e\000r}{section.4.3}% 53
\BOOKMARK [2][-]{subsection.4.3.2}{\376\377\000A\000p\000l\000i\000c\000a\000\347\000\343\000o\000\040\000d\000e\000\040\000I\000n\000t\000e\000r\000f\000a\000c\000e\000\040\000d\000o\000\040\000U\000s\000u\000\341\000r\000i\000o\000\040\000c\000o\000m\000\040\000S\000t\000r\000e\000a\000m\000l\000i\000t}{section.4.3}% 54
\BOOKMARK [0][-]{chapter.5}{\376\377\000C\000o\000n\000c\000l\000u\000s\000\365\000e\000s}{}% 55
\BOOKMARK [1][-]{section.5.1}{\376\377\000A\000t\000e\000n\000d\000i\000m\000e\000n\000t\000o\000\040\000a\000o\000s\000\040\000O\000b\000j\000e\000t\000i\000v\000o\000s\000\040\000d\000o\000\040\000P\000r\000o\000j\000e\000t\000o}{chapter.5}% 56
\BOOKMARK [1][-]{section.5.2}{\376\377\000P\000r\000i\000n\000c\000i\000p\000a\000i\000s\000\040\000C\000o\000n\000t\000r\000i\000b\000u\000i\000\347\000\365\000e\000s}{chapter.5}% 57
\BOOKMARK [1][-]{section.5.3}{\376\377\000L\000i\000m\000i\000t\000a\000\347\000\365\000e\000s\000\040\000e\000\040\000D\000e\000s\000a\000f\000i\000o\000s}{chapter.5}% 58
\BOOKMARK [1][-]{section.5.4}{\376\377\000T\000r\000a\000b\000a\000l\000h\000o\000s\000\040\000F\000u\000t\000u\000r\000o\000s}{chapter.5}% 59
\BOOKMARK [0][-]{section.5.4}{\376\377\000R\000e\000f\000e\000r\000\352\000n\000c\000i\000a\000s\000\040\000B\000i\000b\000l\000i\000o\000g\000r\000\341\000f\000i\000c\000a\000s}{}% 60
