This is pdfTeX, Version 3.141592653-2.6-1.40.26 (TeX Live 2024) (preloaded format=pdflatex 2024.11.9)  5 JUN 2025 11:00
entering extended mode
 restricted \write18 enabled.
 %&-line parsing enabled.
**Monografia.tex
(./Monografia.tex
LaTeX2e <2023-11-01> patch level 1
L3 programming layer <2024-02-20>
(/usr/local/texlive/2024/texmf-dist/tex/latex/base/book.cls
Document Class: book 2023/05/17 v1.4n Standard LaTeX document class
(/usr/local/texlive/2024/texmf-dist/tex/latex/base/bk12.clo
File: bk12.clo 2023/05/17 v1.4n Standard LaTeX file (size option)
)
\c@part=\count188
\c@chapter=\count189
\c@section=\count190
\c@subsection=\count191
\c@subsubsection=\count192
\c@paragraph=\count193
\c@subparagraph=\count194
\c@figure=\count195
\c@table=\count196
\abovecaptionskip=\skip48
\belowcaptionskip=\skip49
\bibindent=\dimen140
)
(/usr/local/texlive/2024/texmf-dist/tex/latex/graphics/graphicx.sty
Package: graphicx 2021/09/16 v1.2d Enhanced LaTeX Graphics (DPC,SPQR)

(/usr/local/texlive/2024/texmf-dist/tex/latex/graphics/keyval.sty
Package: keyval 2022/05/29 v1.15 key=value parser (DPC)
\KV@toks@=\toks17
)
(/usr/local/texlive/2024/texmf-dist/tex/latex/graphics/graphics.sty
Package: graphics 2022/03/10 v1.4e Standard LaTeX Graphics (DPC,SPQR)

(/usr/local/texlive/2024/texmf-dist/tex/latex/graphics/trig.sty
Package: trig 2021/08/11 v1.11 sin cos tan (DPC)
)
(/usr/local/texlive/2024/texmf-dist/tex/latex/graphics-cfg/graphics.cfg
File: graphics.cfg 2016/06/04 v1.11 sample graphics configuration
)
Package graphics Info: Driver file: pdftex.def on input line 107.

(/usr/local/texlive/2024/texmf-dist/tex/latex/graphics-def/pdftex.def
File: pdftex.def 2022/09/22 v1.2b Graphics/color driver for pdftex
))
\Gin@req@height=\dimen141
\Gin@req@width=\dimen142
)
(/usr/local/texlive/2024/texmf-dist/tex/latex/base/inputenc.sty
Package: inputenc 2021/02/14 v1.3d Input encoding file
\inpenc@prehook=\toks18
\inpenc@posthook=\toks19
)
(/usr/local/texlive/2024/texmf-dist/tex/generic/babel/babel.sty
Package: babel 2024/02/07 v24.2 The Babel package
\babel@savecnt=\count197
\U@D=\dimen143
\l@unhyphenated=\language89

(/usr/local/texlive/2024/texmf-dist/tex/generic/babel/txtbabel.def)
\bbl@readstream=\read2
\bbl@dirlevel=\count198

(/usr/local/texlive/2024/texmf-dist/tex/generic/babel-portuges/brazil.ldf
Language: portuges 2021/07/09 v1.2t Portuguese support from the babel system
Package babel Info: Hyphen rules for 'brazil' set to \l@portuguese
(babel)             (\language72). Reported on input line 111.
Package babel Info: Making " an active character on input line 143.
))
(/usr/local/texlive/2024/texmf-dist/tex/latex/base/fontenc.sty
Package: fontenc 2021/04/29 v2.0v Standard LaTeX package
)
(/usr/local/texlive/2024/texmf-dist/tex/latex/amsmath/amsmath.sty
Package: amsmath 2023/05/13 v2.17o AMS math features
\@mathmargin=\skip50

For additional information on amsmath, use the `?' option.
(/usr/local/texlive/2024/texmf-dist/tex/latex/amsmath/amstext.sty
Package: amstext 2021/08/26 v2.01 AMS text

(/usr/local/texlive/2024/texmf-dist/tex/latex/amsmath/amsgen.sty
File: amsgen.sty 1999/11/30 v2.0 generic functions
\@emptytoks=\toks20
\ex@=\dimen144
))
(/usr/local/texlive/2024/texmf-dist/tex/latex/amsmath/amsbsy.sty
Package: amsbsy 1999/11/29 v1.2d Bold Symbols
\pmbraise@=\dimen145
)
(/usr/local/texlive/2024/texmf-dist/tex/latex/amsmath/amsopn.sty
Package: amsopn 2022/04/08 v2.04 operator names
)
\inf@bad=\count199
LaTeX Info: Redefining \frac on input line 234.
\uproot@=\count266
\leftroot@=\count267
LaTeX Info: Redefining \overline on input line 399.
LaTeX Info: Redefining \colon on input line 410.
\classnum@=\count268
\DOTSCASE@=\count269
LaTeX Info: Redefining \ldots on input line 496.
LaTeX Info: Redefining \dots on input line 499.
LaTeX Info: Redefining \cdots on input line 620.
\Mathstrutbox@=\box51
\strutbox@=\box52
LaTeX Info: Redefining \big on input line 722.
LaTeX Info: Redefining \Big on input line 723.
LaTeX Info: Redefining \bigg on input line 724.
LaTeX Info: Redefining \Bigg on input line 725.
\big@size=\dimen146
LaTeX Font Info:    Redeclaring font encoding OML on input line 743.
LaTeX Font Info:    Redeclaring font encoding OMS on input line 744.
\macc@depth=\count270
LaTeX Info: Redefining \bmod on input line 905.
LaTeX Info: Redefining \pmod on input line 910.
LaTeX Info: Redefining \smash on input line 940.
LaTeX Info: Redefining \relbar on input line 970.
LaTeX Info: Redefining \Relbar on input line 971.
\c@MaxMatrixCols=\count271
\dotsspace@=\muskip16
\c@parentequation=\count272
\dspbrk@lvl=\count273
\tag@help=\toks21
\row@=\count274
\column@=\count275
\maxfields@=\count276
\andhelp@=\toks22
\eqnshift@=\dimen147
\alignsep@=\dimen148
\tagshift@=\dimen149
\tagwidth@=\dimen150
\totwidth@=\dimen151
\lineht@=\dimen152
\@envbody=\toks23
\multlinegap=\skip51
\multlinetaggap=\skip52
\mathdisplay@stack=\toks24
LaTeX Info: Redefining \[ on input line 2953.
LaTeX Info: Redefining \] on input line 2954.
)
(/usr/local/texlive/2024/texmf-dist/tex/latex/amsfonts/amssymb.sty
Package: amssymb 2013/01/14 v3.01 AMS font symbols

(/usr/local/texlive/2024/texmf-dist/tex/latex/amsfonts/amsfonts.sty
Package: amsfonts 2013/01/14 v3.01 Basic AMSFonts support
\symAMSa=\mathgroup4
\symAMSb=\mathgroup5
LaTeX Font Info:    Redeclaring math symbol \hbar on input line 98.
LaTeX Font Info:    Overwriting math alphabet `\mathfrak' in version `bold'
(Font)                  U/euf/m/n --> U/euf/b/n on input line 106.
))
(/usr/local/texlive/2024/texmf-dist/tex/latex/amscls/amsthm.sty
Package: amsthm 2020/05/29 v2.20.6
\thm@style=\toks25
\thm@bodyfont=\toks26
\thm@headfont=\toks27
\thm@notefont=\toks28
\thm@headpunct=\toks29
\thm@preskip=\skip53
\thm@postskip=\skip54
\thm@headsep=\skip55
\dth@everypar=\toks30
)
(/usr/local/texlive/2024/texmf-dist/tex/latex/graphics/color.sty
Package: color 2022/01/06 v1.3d Standard LaTeX Color (DPC)

(/usr/local/texlive/2024/texmf-dist/tex/latex/graphics-cfg/color.cfg
File: color.cfg 2016/01/02 v1.6 sample color configuration
)
Package color Info: Driver file: pdftex.def on input line 149.

(/usr/local/texlive/2024/texmf-dist/tex/latex/graphics/mathcolor.ltx))
(/usr/local/texlive/2024/texmf-dist/tex/latex/hyperref/hyperref.sty
Package: hyperref 2024-01-20 v7.01h Hypertext links for LaTeX

(/usr/local/texlive/2024/texmf-dist/tex/generic/iftex/iftex.sty
Package: iftex 2022/02/03 v1.0f TeX engine tests
)
(/usr/local/texlive/2024/texmf-dist/tex/latex/kvsetkeys/kvsetkeys.sty
Package: kvsetkeys 2022-10-05 v1.19 Key value parser (HO)
)
(/usr/local/texlive/2024/texmf-dist/tex/generic/kvdefinekeys/kvdefinekeys.sty
Package: kvdefinekeys 2019-12-19 v1.6 Define keys (HO)
)
(/usr/local/texlive/2024/texmf-dist/tex/generic/pdfescape/pdfescape.sty
Package: pdfescape 2019/12/09 v1.15 Implements pdfTeX's escape features (HO)

(/usr/local/texlive/2024/texmf-dist/tex/generic/ltxcmds/ltxcmds.sty
Package: ltxcmds 2023-12-04 v1.26 LaTeX kernel commands for general use (HO)
)
(/usr/local/texlive/2024/texmf-dist/tex/generic/pdftexcmds/pdftexcmds.sty
Package: pdftexcmds 2020-06-27 v0.33 Utility functions of pdfTeX for LuaTeX (HO
)

(/usr/local/texlive/2024/texmf-dist/tex/generic/infwarerr/infwarerr.sty
Package: infwarerr 2019/12/03 v1.5 Providing info/warning/error messages (HO)
)
Package pdftexcmds Info: \pdf@primitive is available.
Package pdftexcmds Info: \pdf@ifprimitive is available.
Package pdftexcmds Info: \pdfdraftmode found.
))
(/usr/local/texlive/2024/texmf-dist/tex/latex/hycolor/hycolor.sty
Package: hycolor 2020-01-27 v1.10 Color options for hyperref/bookmark (HO)
)
(/usr/local/texlive/2024/texmf-dist/tex/latex/auxhook/auxhook.sty
Package: auxhook 2019-12-17 v1.6 Hooks for auxiliary files (HO)
)
(/usr/local/texlive/2024/texmf-dist/tex/latex/hyperref/nameref.sty
Package: nameref 2023-11-26 v2.56 Cross-referencing by name of section

(/usr/local/texlive/2024/texmf-dist/tex/latex/refcount/refcount.sty
Package: refcount 2019/12/15 v3.6 Data extraction from label references (HO)
)
(/usr/local/texlive/2024/texmf-dist/tex/generic/gettitlestring/gettitlestring.s
ty
Package: gettitlestring 2019/12/15 v1.6 Cleanup title references (HO)
 (/usr/local/texlive/2024/texmf-dist/tex/latex/kvoptions/kvoptions.sty
Package: kvoptions 2022-06-15 v3.15 Key value format for package options (HO)
))
\c@section@level=\count277
)
(/usr/local/texlive/2024/texmf-dist/tex/latex/etoolbox/etoolbox.sty
Package: etoolbox 2020/10/05 v2.5k e-TeX tools for LaTeX (JAW)
\etb@tempcnta=\count278
)
\@linkdim=\dimen153
\Hy@linkcounter=\count279
\Hy@pagecounter=\count280

(/usr/local/texlive/2024/texmf-dist/tex/latex/hyperref/pd1enc.def
File: pd1enc.def 2024-01-20 v7.01h Hyperref: PDFDocEncoding definition (HO)
Now handling font encoding PD1 ...
... no UTF-8 mapping file for font encoding PD1
)
(/usr/local/texlive/2024/texmf-dist/tex/generic/intcalc/intcalc.sty
Package: intcalc 2019/12/15 v1.3 Expandable calculations with integers (HO)
)
\Hy@SavedSpaceFactor=\count281

(/usr/local/texlive/2024/texmf-dist/tex/latex/hyperref/puenc.def
File: puenc.def 2024-01-20 v7.01h Hyperref: PDF Unicode definition (HO)
Now handling font encoding PU ...
... no UTF-8 mapping file for font encoding PU
)
Package hyperref Info: Option `colorlinks' set `true' on input line 4062.
Package hyperref Info: Hyper figures OFF on input line 4179.
Package hyperref Info: Link nesting OFF on input line 4184.
Package hyperref Info: Hyper index ON on input line 4187.
Package hyperref Info: Plain pages OFF on input line 4194.
Package hyperref Info: Backreferencing OFF on input line 4199.
Package hyperref Info: Implicit mode ON; LaTeX internals redefined.
Package hyperref Info: Bookmarks ON on input line 4446.
\c@Hy@tempcnt=\count282

(/usr/local/texlive/2024/texmf-dist/tex/latex/url/url.sty
\Urlmuskip=\muskip17
Package: url 2013/09/16  ver 3.4  Verb mode for urls, etc.
)
LaTeX Info: Redefining \url on input line 4784.
\XeTeXLinkMargin=\dimen154

(/usr/local/texlive/2024/texmf-dist/tex/generic/bitset/bitset.sty
Package: bitset 2019/12/09 v1.3 Handle bit-vector datatype (HO)

(/usr/local/texlive/2024/texmf-dist/tex/generic/bigintcalc/bigintcalc.sty
Package: bigintcalc 2019/12/15 v1.5 Expandable calculations on big integers (HO
)
))
\Fld@menulength=\count283
\Field@Width=\dimen155
\Fld@charsize=\dimen156
Package hyperref Info: Hyper figures OFF on input line 6063.
Package hyperref Info: Link nesting OFF on input line 6068.
Package hyperref Info: Hyper index ON on input line 6071.
Package hyperref Info: backreferencing OFF on input line 6078.
Package hyperref Info: Link coloring ON on input line 6081.
Package hyperref Info: Link coloring with OCG OFF on input line 6088.
Package hyperref Info: PDF/A mode OFF on input line 6093.

(/usr/local/texlive/2024/texmf-dist/tex/latex/base/atbegshi-ltx.sty
Package: atbegshi-ltx 2021/01/10 v1.0c Emulation of the original atbegshi
package with kernel methods
)
\Hy@abspage=\count284
\c@Item=\count285
\c@Hfootnote=\count286
)
Package hyperref Info: Driver (autodetected): hpdftex.

(/usr/local/texlive/2024/texmf-dist/tex/latex/hyperref/hpdftex.def
File: hpdftex.def 2024-01-20 v7.01h Hyperref driver for pdfTeX

(/usr/local/texlive/2024/texmf-dist/tex/latex/base/atveryend-ltx.sty
Package: atveryend-ltx 2020/08/19 v1.0a Emulation of the original atveryend pac
kage
with kernel methods
)
\Fld@listcount=\count287
\c@bookmark@seq@number=\count288

(/usr/local/texlive/2024/texmf-dist/tex/latex/rerunfilecheck/rerunfilecheck.sty
Package: rerunfilecheck 2022-07-10 v1.10 Rerun checks for auxiliary files (HO)

(/usr/local/texlive/2024/texmf-dist/tex/generic/uniquecounter/uniquecounter.sty
Package: uniquecounter 2019/12/15 v1.4 Provide unlimited unique counter (HO)
)
Package uniquecounter Info: New unique counter `rerunfilecheck' on input line 2
85.
)
\Hy@SectionHShift=\skip56
) (/usr/local/texlive/2024/texmf-dist/tex/latex/abntex2/abntex2abrev.sty
(/usr/local/texlive/2024/texmf-dist/tex/latex/base/ifthen.sty
Package: ifthen 2022/04/13 v1.1d Standard LaTeX ifthen package (DPC)
))
(/usr/local/texlive/2024/texmf-dist/tex/latex/setspace/setspace.sty
Package: setspace 2022/12/04 v6.7b set line spacing
)
(/usr/local/texlive/2024/texmf-dist/tex/latex/appendix/appendix.sty
Package: appendix 2020/02/08 v1.2c extra appendix facilities
\c@@pps=\count289
\c@@ppsavesec=\count290
\c@@ppsaveapp=\count291
)
(/usr/local/texlive/2024/texmf-dist/tex/latex/geometry/geometry.sty
Package: geometry 2020/01/02 v5.9 Page Geometry

(/usr/local/texlive/2024/texmf-dist/tex/generic/iftex/ifvtex.sty
Package: ifvtex 2019/10/25 v1.7 ifvtex legacy package. Use iftex instead.
)
\Gm@cnth=\count292
\Gm@cntv=\count293
\c@Gm@tempcnt=\count294
\Gm@bindingoffset=\dimen157
\Gm@wd@mp=\dimen158
\Gm@odd@mp=\dimen159
\Gm@even@mp=\dimen160
\Gm@layoutwidth=\dimen161
\Gm@layoutheight=\dimen162
\Gm@layouthoffset=\dimen163
\Gm@layoutvoffset=\dimen164
\Gm@dimlist=\toks31
)
(/usr/local/texlive/2024/texmf-dist/tex/latex/tools/enumerate.sty
Package: enumerate 2023/07/04 v3.00 enumerate extensions (DPC)
\@enLab=\toks32
)
\@indexfile=\write3
\openout3 = `Monografia.idx'.


Writing index file Monografia.idx
(/usr/local/texlive/2024/texmf-dist/tex/latex/l3backend/l3backend-pdftex.def
File: l3backend-pdftex.def 2024-02-20 L3 backend support: PDF output (pdfTeX)
\l__color_backend_stack_int=\count295
\l__pdf_internal_box=\box53
)
(./Monografia.aux (./Capa/capa.aux) (./Resumo/Resumo.aux)
(./Resumo/Abstract.aux) (./Agradecimentos/Agradecimentos.aux)
(./TabelaConteudo/TabelaConteudo.aux) (./ListaFiguras/ListaFiguras.aux)
(./ListaTabelas/ListaTabelas.aux) (./Introducao/Introducao.aux)
(./DescricaoProcesso/DescricaoProcesso.aux) (./Metodologia/Metodologia.aux)
(./Resultados/Resultados.aux) (./Conclusao/Conclusao.aux)
(./Apendices/ApendiceA.aux) (./Apendices/ApendiceB.aux))
\openout1 = `Monografia.aux'.

LaTeX Font Info:    Checking defaults for OML/cmm/m/it on input line 43.
LaTeX Font Info:    ... okay on input line 43.
LaTeX Font Info:    Checking defaults for OMS/cmsy/m/n on input line 43.
LaTeX Font Info:    ... okay on input line 43.
LaTeX Font Info:    Checking defaults for OT1/cmr/m/n on input line 43.
LaTeX Font Info:    ... okay on input line 43.
LaTeX Font Info:    Checking defaults for T1/cmr/m/n on input line 43.
LaTeX Font Info:    ... okay on input line 43.
LaTeX Font Info:    Checking defaults for TS1/cmr/m/n on input line 43.
LaTeX Font Info:    ... okay on input line 43.
LaTeX Font Info:    Checking defaults for OMX/cmex/m/n on input line 43.
LaTeX Font Info:    ... okay on input line 43.
LaTeX Font Info:    Checking defaults for U/cmr/m/n on input line 43.
LaTeX Font Info:    ... okay on input line 43.
LaTeX Font Info:    Checking defaults for PD1/pdf/m/n on input line 43.
LaTeX Font Info:    ... okay on input line 43.
LaTeX Font Info:    Checking defaults for PU/pdf/m/n on input line 43.
LaTeX Font Info:    ... okay on input line 43.

(/usr/local/texlive/2024/texmf-dist/tex/context/base/mkii/supp-pdf.mkii
[Loading MPS to PDF converter (version 2006.09.02).]
\scratchcounter=\count296
\scratchdimen=\dimen165
\scratchbox=\box54
\nofMPsegments=\count297
\nofMParguments=\count298
\everyMPshowfont=\toks33
\MPscratchCnt=\count299
\MPscratchDim=\dimen166
\MPnumerator=\count300
\makeMPintoPDFobject=\count301
\everyMPtoPDFconversion=\toks34
) (/usr/local/texlive/2024/texmf-dist/tex/latex/epstopdf-pkg/epstopdf-base.sty
Package: epstopdf-base 2020-01-24 v2.11 Base part for package epstopdf
Package epstopdf-base Info: Redefining graphics rule for `.eps' on input line 4
85.

(/usr/local/texlive/2024/texmf-dist/tex/latex/latexconfig/epstopdf-sys.cfg
File: epstopdf-sys.cfg 2010/07/13 v1.3 Configuration of (r)epstopdf for TeX Liv
e
))
Package hyperref Info: Link coloring ON on input line 43.

(./Monografia.out) (./Monografia.out)
\@outlinefile=\write4
\openout4 = `Monografia.out'.


*geometry* driver: auto-detecting
*geometry* detected driver: pdftex
*geometry* verbose mode - [ preamble ] result:
* driver: pdftex
* paper: a4paper
* layout: <same size as paper>
* layoutoffset:(h,v)=(0.0pt,0.0pt)
* modes: twoside 
* h-part:(L,W,R)=(85.35826pt, 441.01773pt, 71.13188pt)
* v-part:(T,H,B)=(85.35826pt, 674.33032pt, 85.35826pt)
* \paperwidth=597.50787pt
* \paperheight=845.04684pt
* \textwidth=441.01773pt
* \textheight=674.33032pt
* \oddsidemargin=13.08827pt
* \evensidemargin=-1.1381pt
* \topmargin=-23.90028pt
* \headheight=19.91692pt
* \headsep=17.07164pt
* \topskip=12.0pt
* \footskip=19.91692pt
* \marginparwidth=88.0pt
* \marginparsep=7.0pt
* \columnsep=10.0pt
* \skip\footins=10.8pt plus 4.0pt minus 2.0pt
* \hoffset=0.0pt
* \voffset=0.0pt
* \mag=1000
* \@twocolumnfalse
* \@twosidetrue
* \@mparswitchtrue
* \@reversemarginfalse
* (1in=72.27pt=25.4mm, 1cm=28.453pt)

\openout2 = `Capa/capa.aux'.

(./Capa/capa.tex [1



{/usr/local/texlive/2024/texmf-var/fonts/map/pdftex/updmap/pdftex.map}{/usr/loc
al/texlive/2024/texmf-dist/fonts/enc/dvips/cm-super/cm-super-t1.enc}] [2


]
LaTeX Font Info:    Trying to load font information for U+msa on input line 50.

 (/usr/local/texlive/2024/texmf-dist/tex/latex/amsfonts/umsa.fd
File: umsa.fd 2013/01/14 v3.01 AMS symbols A
)
LaTeX Font Info:    Trying to load font information for U+msb on input line 50.


(/usr/local/texlive/2024/texmf-dist/tex/latex/amsfonts/umsb.fd
File: umsb.fd 2013/01/14 v3.01 AMS symbols B
)
pdfTeX warning (ext4): destination with the same identifier (name{page.1}) has 
been already used, duplicate ignored
<to be read again> 
                   \relax 
l.56 \end{titlepage}
                     [1])
\openout2 = `Resumo/Resumo.aux'.

 (./Resumo/Resumo.tex [1



] [2


])
\openout2 = `Resumo/Abstract.aux'.

 (./Resumo/Abstract.tex
[3



] [4


])
\openout2 = `Agradecimentos/Agradecimentos.aux'.

 (./Agradecimentos/Agradecimentos.tex [5



{/usr/local/texlive/2024/texmf-dist/fonts/enc/dvips/cm-super/cm-super-ts1.enc}]
 [6


])
\openout2 = `TabelaConteudo/TabelaConteudo.aux'.


(./TabelaConteudo/TabelaConteudo.tex (./Monografia.toc [7




] [8])
\tf@toc=\write5
\openout5 = `Monografia.toc'.

 [9])
\openout2 = `ListaFiguras/ListaFiguras.aux'.


(./ListaFiguras/ListaFiguras.tex [10





] (./Monografia.lof
LaTeX Font Info:    Trying to load font information for T1+cmtt on input line 1
1.

(/usr/local/texlive/2024/texmf-dist/tex/latex/base/t1cmtt.fd
File: t1cmtt.fd 2023/04/13 v2.5m Standard LaTeX font definitions
)
Overfull \hbox (17.53008pt too wide) in paragraph at lines 11--11
 [][] [][][]\T1/cmr/m/n/12 Pipeline de Da-dos com Dags-ter: ati-vos \T1/cmtt/m/
n/12 raw_tuya_logs \T1/cmr/m/n/12 e \T1/cmtt/m/n/12 staging_tuya_logs\T1/cmr/m/
n/12 .[][] [][]  
 []


Overfull \hbox (66.70157pt too wide) in paragraph at lines 13--13
 [][] [][][]\T1/cmr/m/n/12 Interface do Dags-ter exi-bindo o job de agen-da-men
to de ce-nas (\T1/cmtt/m/n/12 scene_scheduler_job\T1/cmr/m/n/12 ) 
 []

)
\tf@lof=\write6
\openout6 = `Monografia.lof'.

 [11])
\openout2 = `ListaTabelas/ListaTabelas.aux'.

 (./ListaTabelas/ListaTabelas.tex [12





] (./Monografia.lot)
\tf@lot=\write7
\openout7 = `Monografia.lot'.

 [13])
\openout2 = `Introducao/Introducao.aux'.


(./Introducao/Introducao.tex
Cap\'{\i }tulo 1.

pdfTeX warning (ext4): destination with the same identifier (name{page.1}) has 
been already used, duplicate ignored
<to be read again> 
                   \relax 
l.20 
      [1





]
pdfTeX warning (ext4): destination with the same identifier (name{page.2}) has 
been already used, duplicate ignored
<to be read again> 
                   \relax 
l.41 
      [2] [3])
\openout2 = `DescricaoProcesso/DescricaoProcesso.aux'.

 (./DescricaoProcesso/DescricaoProcesso.tex [4





]
Cap\'{\i }tulo 2.
[5] [6]
Overfull \hbox (17.91725pt too wide) in paragraph at lines 41--42
[]\T1/cmr/bx/n/12 Motores para cor-ti-nas e per-si-a-nas\T1/cmr/m/n/12 : Con-tr
o-lam en-trada de luz e ca-lor, integrando-
 []

[7] [8] [9] [10] [11] [12] [13] [14] [15] [16] [17] [18] [19] [20] [21]
[22] [23] [24]
Overfull \hbox (255.28043pt too wide) has occurred while \output is active
\T1/cmr/m/sl/12 2.3.  MODELOS ARQUITETURAIS PARA SISTEMAS DE AUTOMAÇÃO RESIDENC
IAL E MONITORAMENTO ENERGÉTICO \T1/cmr/m/n/12 25
 []

[25] [26]
Overfull \hbox (255.28043pt too wide) has occurred while \output is active
\T1/cmr/m/sl/12 2.3.  MODELOS ARQUITETURAIS PARA SISTEMAS DE AUTOMAÇÃO RESIDENC
IAL E MONITORAMENTO ENERGÉTICO \T1/cmr/m/n/12 27
 []

[27]) [28]
\openout2 = `Metodologia/Metodologia.aux'.

 (./Metodologia/Metodologia.tex
Cap\'{\i }tulo 3.
[29




] [30] [31] [32] [33] [34] [35] [36]
Overfull \hbox (22.68828pt too wide) in paragraph at lines 93--94
[]\T1/cmr/bx/n/12 Solução Full-Stack Tra-di-ci-o-nal (e.g., Flask/Django + Re-a
ct/Vue/Angular)\T1/cmr/m/n/12 :
 []

[37] [38] [39] [40]
Overfull \hbox (4.30116pt too wide) in paragraph at lines 129--130
\T1/cmr/m/n/12 com-par-ti-lha mui-tas das ca-rac-te-rís-ti-cas e da fi-lo-so-fi
a de de-sen-vol-vi-mento em Python
 []

[41] [42] [43] [44] [45]
Overfull \hbox (21.1518pt too wide) in paragraph at lines 195--196
\T1/cmr/m/n/12 ren-ciar as cre-den-ci-ais da API Tuya (\T1/cmtt/m/n/12 ACCESS_I
D\T1/cmr/m/n/12 , \T1/cmtt/m/n/12 ACCESS_SECRET\T1/cmr/m/n/12 , \T1/cmtt/m/n/12
 API_ENDPOINT\T1/cmr/m/n/12 )
 []

[46]
Overfull \hbox (14.15454pt too wide) in paragraph at lines 205--206
\T1/cmr/m/n/12 po-si-ti-vos (car-re-ga-dos a par-tir do ar-quivo \T1/cmtt/m/n/1
2 app/data/device_mapping.json
 []

[47]
Overfull \hbox (64.27017pt too wide) in paragraph at lines 207--208
[]\T1/cmr/m/n/12 Salvar os da-dos trans-for-ma-dos em for-mato Par-quet no di-r
e-tó-rio \T1/cmtt/m/n/12 app/data/staging/\T1/cmr/m/n/12 ,
 []

LaTeX Font Info:    Font shape `T1/cmtt/bx/n' in size <12> not available
(Font)              Font shape `T1/cmtt/m/n' tried instead on input line 211.

Overfull \hbox (51.70778pt too wide) in paragraph at lines 212--213
\T1/cmr/m/n/12 con-fi-gu-rado com uma ex-pres-são cron (\T1/cmtt/m/n/12 "0 * * 
* *"\T1/cmr/m/n/12 ) para exe-cu-tar o \T1/cmtt/m/n/12 tuya_processing_job
 []

<Resultados/Figuras/dagster_data_pipeline_fluxograma.png, id=635, 1284.8pt x 63
5.37375pt>
File: Resultados/Figuras/dagster_data_pipeline_fluxograma.png Graphic file (typ
e png)
<use Resultados/Figuras/dagster_data_pipeline_fluxograma.png>
Package pdftex.def Info: Resultados/Figuras/dagster_data_pipeline_fluxograma.pn
g  used on input line 219.
(pdftex.def)             Requested size: 396.91325pt x 196.28517pt.
[48]
Overfull \hbox (5.73843pt too wide) in paragraph at lines 229--230
[]\T1/cmr/bx/n/12 HMAC-SHA256: \T1/cmr/m/n/12 O HMAC-SHA256 (Hash-based Mes-sag
e Authen-ti-ca-tion Code
 []

[49 <./Resultados/Figuras/dagster_data_pipeline_fluxograma.png>]
Overfull \hbox (100.09775pt too wide) in paragraph at lines 242--243
\T1/cmr/m/n/12 ni-ções de ce-nas, que são per-sis-ti-das em um ar-quivo JSON (\
T1/cmtt/m/n/12 app/data/scheduled_scenes.json\T1/cmr/m/n/12 ).
 []

[50] [51]
Overfull \hbox (97.16466pt too wide) in paragraph at lines 253--254
\T1/cmr/m/n/12 nado \T1/cmtt/m/n/12 scene_scheduler_job\T1/cmr/m/n/12 , foi cri
-ado para en-cap-su-lar a ope-ra-ção \T1/cmtt/m/n/12 check_and_trigger_scenes_o
p\T1/cmr/m/n/12 .
 []


Overfull \hbox (31.44049pt too wide) in paragraph at lines 255--256
\T1/cmr/m/n/12 liza uma ex-pres-são cron para de-fi-nir a frequên-cia de exe-cu
-ção do \T1/cmtt/m/n/12 scene_scheduler_job\T1/cmr/m/n/12 .
 []

<Resultados/Figuras/dagster_scene_scheduler_fluxograma.png.jpeg, id=661, 1244.6
5pt x 1284.8pt>
File: Resultados/Figuras/dagster_scene_scheduler_fluxograma.png.jpeg Graphic fi
le (type jpg)
<use Resultados/Figuras/dagster_scene_scheduler_fluxograma.png.jpeg>
Package pdftex.def Info: Resultados/Figuras/dagster_scene_scheduler_fluxograma.
png.jpeg  used on input line 261.
(pdftex.def)             Requested size: 396.91325pt x 409.71327pt.
[52] [53 <./Resultados/Figuras/dagster_scene_scheduler_fluxograma.png.jpeg>]
<Resultados/Figuras/streamlit_app_navigation.png.jpeg, id=671, 1284.8pt x 418.5
6375pt>
File: Resultados/Figuras/streamlit_app_navigation.png.jpeg Graphic file (type j
pg)
<use Resultados/Figuras/streamlit_app_navigation.png.jpeg>
Package pdftex.def Info: Resultados/Figuras/streamlit_app_navigation.png.jpeg  
used on input line 277.
(pdftex.def)             Requested size: 352.81552pt x 114.93613pt.

Overfull \hbox (134.8539pt too wide) in paragraph at lines 282--283
[]\T1/cmr/bx/n/12 Carregamento e Fil-tra-gem de Da-dos\T1/cmr/m/n/12 : Fun-ções
 de-di-ca-das em \T1/cmtt/m/n/12 app/streamlit/utils/data_helpers.py
 []


Overfull \hbox (8.3248pt too wide) in paragraph at lines 282--283
\T1/cmr/m/n/12 Pan-das para as ro-ti-nas de vi-su-a-li-za-ção e aná-lise. O ca-
che-a-mento (\T1/cmtt/m/n/12 @st.cache_data\T1/cmr/m/n/12 )
 []

[54 <./Resultados/Figuras/streamlit_app_navigation.png.jpeg>]
Overfull \hbox (5.78693pt too wide) in paragraph at lines 290--291
\T1/cmr/m/n/12 data (\T1/cmtt/m/n/12 st.date_input\T1/cmr/m/n/12 ), se-le-to-re
s de dis-po-si-tivo (\T1/cmtt/m/n/12 st.selectbox\T1/cmr/m/n/12 , \T1/cmtt/m/n/
12 st.multiselect\T1/cmr/m/n/12 ),
 []

<Resultados/Figuras/streamlit_device_control.png.jpeg, id=676, 667.49374pt x 12
84.8pt>
File: Resultados/Figuras/streamlit_device_control.png.jpeg Graphic file (type j
pg)
<use Resultados/Figuras/streamlit_device_control.png.jpeg>
Package pdftex.def Info: Resultados/Figuras/streamlit_device_control.png.jpeg  
used on input line 297.
(pdftex.def)             Requested size: 308.71106pt x 594.23032pt.

Overfull \hbox (18.01628pt too wide) in paragraph at lines 302--303
\T1/cmr/m/n/12 di-vi-dida em múl-ti-plas eta-pas (wizard-style) ge-ren-ci-a-das
 com \T1/cmtt/m/n/12 st.session_state
 []

<Resultados/Figuras/streamlit_scene_creation.png.jpeg, id=677, 418.56375pt x 12
84.8pt>
File: Resultados/Figuras/streamlit_scene_creation.png.jpeg Graphic file (type j
pg)
<use Resultados/Figuras/streamlit_scene_creation.png.jpeg>
Package pdftex.def Info: Resultados/Figuras/streamlit_scene_creation.png.jpeg  
used on input line 306.
(pdftex.def)             Requested size: 198.45662pt x 609.1689pt.

Overfull \hbox (51.90335pt too wide) in paragraph at lines 312--313
\T1/cmr/m/n/12 ni-bi-li-dade do có-digo prin-ci-pal da apli-ca-ção Stre-am-lit 
(\T1/cmtt/m/n/12 app/streamlit/streamlit_app.py\T1/cmr/m/n/12 ),
 []

[55] [56 <./Resultados/Figuras/streamlit_device_control.png.jpeg>] [57 <./Resul
tados/Figuras/streamlit_scene_creation.png.jpeg>]
Overfull \hbox (68.7495pt too wide) in paragraph at lines 319--320
[]\T1/cmr/bx/n/12 Estilização Cus-to-mi-zada com CSS\T1/cmr/m/n/12 : Um ar-quiv
o CSS ex-terno (\T1/cmtt/m/n/12 app/streamlit/style.css\T1/cmr/m/n/12 )
 []

[58]
Overfull \hbox (5.72456pt too wide) has occurred while \output is active
\T1/cmr/m/sl/12 3.3.  IMPLEMENTAÇÃO DE ALGORITMOS DE PROCESSAMENTO E ANÁLISE \T
1/cmr/m/n/12 59
 []

[59] [60]
Overfull \hbox (5.72456pt too wide) has occurred while \output is active
\T1/cmr/m/sl/12 3.3.  IMPLEMENTAÇÃO DE ALGORITMOS DE PROCESSAMENTO E ANÁLISE \T
1/cmr/m/n/12 61
 []

[61] [62] [63] [64] [65]
Underfull \vbox (badness 1005) has occurred while \output is active []

 [66]
[67] [68]) [69]
\openout2 = `Resultados/Resultados.aux'.

 (./Resultados/Resultados.tex [70




]
Cap\'{\i }tulo 4.
[71]
<Resultados/Figuras/dagster_data_pipeline.png.jpeg, id=763, 1284.8pt x 700.6175
pt>
File: Resultados/Figuras/dagster_data_pipeline.png.jpeg Graphic file (type jpg)

<use Resultados/Figuras/dagster_data_pipeline.png.jpeg>
Package pdftex.def Info: Resultados/Figuras/dagster_data_pipeline.png.jpeg  use
d on input line 32.
(pdftex.def)             Requested size: 352.81552pt x 192.3871pt.

Underfull \hbox (badness 6461) in paragraph at lines 33--33
[]\T1/cmr/m/n/12 Figura 4.1: []Pipeline de Da-dos com Dags-ter: ati-vos \T1/cmt
t/m/n/12 raw_tuya_logs \T1/cmr/m/n/12 e
 []

[72]
<Resultados/Figuras/dagster_data_pipeline_02.png.jpeg, id=768, 1284.8pt x 700.6
175pt>
File: Resultados/Figuras/dagster_data_pipeline_02.png.jpeg Graphic file (type j
pg)
<use Resultados/Figuras/dagster_data_pipeline_02.png.jpeg>
Package pdftex.def Info: Resultados/Figuras/dagster_data_pipeline_02.png.jpeg  
used on input line 41.
(pdftex.def)             Requested size: 352.81552pt x 192.3871pt.
<Resultados/Figuras/dagster_scene_scheduler.png.jpeg, id=769, 1606.0pt x 472.76
625pt>
File: Resultados/Figuras/dagster_scene_scheduler.png.jpeg Graphic file (type jp
g)
<use Resultados/Figuras/dagster_scene_scheduler.png.jpeg>
Package pdftex.def Info: Resultados/Figuras/dagster_scene_scheduler.png.jpeg  u
sed on input line 48.
(pdftex.def)             Requested size: 352.81552pt x 103.8574pt.

Underfull \hbox (badness 2020) in paragraph at lines 49--49
[]\T1/cmr/m/n/12 Figura 4.3: []Interface do Dags-ter exi-bindo o job de agen-da
-mento de ce-nas
 []


Underfull \vbox (badness 4954) has occurred while \output is active []

 [73 <./Resultados/Figuras/dagster_data_pipeline.png.jpeg> <./Resultados/Figura
s/dagster_data_pipeline_02.png.jpeg>]
<Resultados/Figuras/streamlit_resumo_casa.png.jpeg, id=774, 1606.0pt x 862.2212
5pt>
File: Resultados/Figuras/streamlit_resumo_casa.png.jpeg Graphic file (type jpg)

<use Resultados/Figuras/streamlit_resumo_casa.png.jpeg>
Package pdftex.def Info: Resultados/Figuras/streamlit_resumo_casa.png.jpeg  use
d on input line 63.
(pdftex.def)             Requested size: 396.91325pt x 213.09453pt.
) [74 <./Resultados/Figuras/dagster_scene_scheduler.png.jpeg> <./Resultados/Fig
uras/streamlit_resumo_casa.png.jpeg>]
\openout2 = `Conclusao/Conclusao.aux'.


(./Conclusao/Conclusao.tex
Cap\'{\i }tulo 5.
[75




]) [76] [77] (./Monografia.bbl [78



]) [79]
\openout2 = `Apendices/ApendiceA.aux'.

 (./Apendices/ApendiceA.tex
[80


]
Ap\^endice A.
) [81]
\openout2 = `Apendices/ApendiceB.aux'.

 (./Apendices/ApendiceB.tex [82




]
Ap\^endice B.
) [83] (./Monografia.aux (./Capa/capa.aux) (./Resumo/Resumo.aux)
(./Resumo/Abstract.aux) (./Agradecimentos/Agradecimentos.aux)
(./TabelaConteudo/TabelaConteudo.aux) (./ListaFiguras/ListaFiguras.aux)
(./ListaTabelas/ListaTabelas.aux) (./Introducao/Introducao.aux)
(./DescricaoProcesso/DescricaoProcesso.aux) (./Metodologia/Metodologia.aux)
(./Resultados/Resultados.aux) (./Conclusao/Conclusao.aux)
(./Apendices/ApendiceA.aux) (./Apendices/ApendiceB.aux))
 ***********
LaTeX2e <2023-11-01> patch level 1
L3 programming layer <2024-02-20>
 ***********
Package rerunfilecheck Info: File `Monografia.out' has not changed.
(rerunfilecheck)             Checksum: BF84B32ADB4EA4F1D0FBF8A301D9BCBA;14096.
 ) 
Here is how much of TeX's memory you used:
 12624 strings out of 474116
 203912 string characters out of 5743682
 1940187 words of memory out of 5000000
 34490 multiletter control sequences out of 15000+600000
 571742 words of font info for 67 fonts, out of 8000000 for 9000
 1141 hyphenation exceptions out of 8191
 75i,7n,79p,3620b,680s stack positions out of 10000i,1000n,20000p,200000b,200000s
</usr/local/texlive/2024/texmf-dist/fonts/type1/public/amsfonts/cm/cmex10.pfb
></usr/local/texlive/2024/texmf-dist/fonts/type1/public/amsfonts/cm/cmmi12.pfb>
</usr/local/texlive/2024/texmf-dist/fonts/type1/public/amsfonts/cm/cmmi8.pfb></
usr/local/texlive/2024/texmf-dist/fonts/type1/public/amsfonts/cm/cmr12.pfb></us
r/local/texlive/2024/texmf-dist/fonts/type1/public/amsfonts/cm/cmr8.pfb></usr/l
ocal/texlive/2024/texmf-dist/fonts/type1/public/amsfonts/cm/cmsy10.pfb></usr/lo
cal/texlive/2024/texmf-dist/fonts/type1/public/amsfonts/cm/cmsy8.pfb></usr/loca
l/texlive/2024/texmf-dist/fonts/type1/public/cm-super/sfbi1200.pfb></usr/local/
texlive/2024/texmf-dist/fonts/type1/public/cm-super/sfbx1200.pfb></usr/local/te
xlive/2024/texmf-dist/fonts/type1/public/cm-super/sfbx1440.pfb></usr/local/texl
ive/2024/texmf-dist/fonts/type1/public/cm-super/sfbx1728.pfb></usr/local/texliv
e/2024/texmf-dist/fonts/type1/public/cm-super/sfbx2488.pfb></usr/local/texlive/
2024/texmf-dist/fonts/type1/public/cm-super/sfrm1200.pfb></usr/local/texlive/20
24/texmf-dist/fonts/type1/public/cm-super/sfrm1440.pfb></usr/local/texlive/2024
/texmf-dist/fonts/type1/public/cm-super/sfsl1200.pfb></usr/local/texlive/2024/t
exmf-dist/fonts/type1/public/cm-super/sfti1200.pfb></usr/local/texlive/2024/tex
mf-dist/fonts/type1/public/cm-super/sftt1200.pfb>
Output written on Monografia.pdf (99 pages, 987524 bytes).
PDF statistics:
 947 PDF objects out of 1000 (max. 8388607)
 794 compressed objects within 8 object streams
 203 named destinations out of 1000 (max. 500000)
 542 words of extra memory for PDF output out of 10000 (max. 10000000)

